     VMA      LMA     Size Align Out     In      Symbol
 8000000  8000000      542     4 .text
 8000000  8000000      13c     4         fixtures/build/CMakeFiles/cortex-m-objects.dir/src/main.c.obj:(.text)
 8000000  8000000        0     1                 $t
 8000001  8000001       1c     1                 weak_callback
 8000001  8000001       1c     1                 callback_alias
 8000018  8000018        0     1                 $d
 800001c  800001c        0     1                 $t
 800001d  800001d       20     1                 _Z12cpp_functionj
 8000038  8000038        0     1                 $d
 800003c  800003c        0     1                 $t
 800003d  800003d       58     1                 application_init
 8000084  8000084        0     1                 $d
 8000094  8000094        0     1                 $t
 8000095  8000095       8c     1                 application_step
 8000114  8000114        0     1                 $d
 8000120  8000120        0     1                 $t
 8000121  8000121        e     1                 main
 800012f  800012f        c     1                 Reset_Handler
 800013c  800013c       60     4         fixtures/build/CMakeFiles/cortex-m-objects.dir/src/config.c.obj:(.text)
 800013c  800013c        0     1                 $t
 800013d  800013d       14     1                 config_get
 800014c  800014c        0     1                 $d
 8000150  8000150        0     1                 $t
 8000151  8000151       10     1                 config_baudrate
 8000161  8000161       28     1                 config_alarm_threshold
 8000184  8000184        0     1                 $d
 8000188  8000188        0     1                 $t
 8000189  8000189       14     1                 config_checksum_seed
 8000198  8000198        0     1                 $d
 800019c  800019c       fc     4         fixtures/build/CMakeFiles/cortex-m-objects.dir/src/sensor.c.obj:(.text)
 800019c  800019c        0     1                 $t
 800019d  800019d       50     1                 sensor_init
 80001e0  80001e0        0     1                 $d
 80001ec  80001ec        0     1                 $t
 80001ed  80001ed       4c     1                 sensor_read_raw
 8000228  8000228        0     1                 $d
 8000238  8000238        0     1                 $t
 8000239  8000239       60     1                 sensor_sample
 8000290  8000290        0     1                 $d
 8000298  8000298       b8     4         fixtures/build/CMakeFiles/cortex-m-objects.dir/src/diag.c.obj:(.text)
 8000298  8000298        0     1                 $t
 8000299  8000299       30     1                 diagnostics_record_fault
 80002c0  80002c0        0     1                 $d
 80002c8  80002c8        0     1                 $t
 80002c9  80002c9       14     1                 diagnostics_status
 80002d8  80002d8        0     1                 $d
 80002dc  80002dc        0     1                 $t
 80002dd  80002dd       74     1                 diagnose
 800034c  800034c        0     1                 $d
 8000350  8000350       d8     4         fixtures/build/CMakeFiles/cortex-m-objects.dir/src/telemetry.c.obj:(.text)
 8000350  8000350        0     1                 $t
 8000351  8000351       2c     1                 telemetry_scale
 8000378  8000378        0     1                 $d
 800037c  800037c        0     1                 $t
 800037d  800037d       42     1                 telemetry_checksum
 80003bf  80003bf       6a     1                 telemetry_collect
 8000424  8000424        0     1                 $d
 8000428  8000428      110     4         fixtures/build/CMakeFiles/cortex-m-objects.dir/src/transport.c.obj:(.text)
 8000428  8000428        0     1                 $t
 8000429  8000429       34     1                 transport_init
 800044c  800044c        0     1                 $d
 800045c  800045c        0     1                 $t
 800045d  800045d       14     1                 transport_pending
 800046c  800046c        0     1                 $d
 8000470  8000470        0     1                 $t
 8000471  8000471       58     1                 transport_enqueue
 80004bc  80004bc        0     1                 $d
 80004c8  80004c8        0     1                 $t
 80004c9  80004c9       70     1                 transport_flush
 8000528  8000528        0     1                 $d
 8000538  8000538        a     4         <internal>:(.text.thunk)
 8000544  8000544       50     4 .rodata
 8000544  8000544       30     4         fixtures/build/CMakeFiles/cortex-m-objects.dir/src/config.c.obj:(.rodata)
 8000544  8000544        0     1                 $d
 8000544  8000544       10     1                 app_config
 8000554  8000554       10     1                 baudrate_table
 8000564  8000564       10     1                 profile_margin
 8000574  8000574       10     4         fixtures/build/CMakeFiles/cortex-m-objects.dir/src/diag.c.obj:(.rodata)
 8000574  8000574        0     1                 $d
 8000574  8000574       10     1                 limits
 8000584  8000584       10     4         fixtures/build/CMakeFiles/cortex-m-objects.dir/src/telemetry.c.obj:(.rodata)
 8000584  8000584        0     1                 $d
 8000584  8000584       10     1                 telemetry_bias
 8000594  8000594        8     4 .unusual_constants
 8000594  8000594        8     4         fixtures/build/CMakeFiles/cortex-m-objects.dir/src/diag.c.obj:(.unusual_constants)
 8000594  8000594        0     1                 $d
 8000594  8000594        8     1                 signature
20000000  800059c       1c     2 .ram_code
20000000  800059c       1c     2         fixtures/build/CMakeFiles/cortex-m-objects.dir/src/main.c.obj:(.ram_code)
20000000  800059c        0     1                 $t
20000001  800059d       1c     1                 ram_function
2000001c  80005b8       18     4 .data
2000001c  80005b8        4     4         fixtures/build/CMakeFiles/cortex-m-objects.dir/src/main.c.obj:(.data)
2000001c  80005b8        0     1                 $d
2000001c  80005b8        4     1                 initialized
20000020  80005bc        0     1         fixtures/build/CMakeFiles/cortex-m-objects.dir/src/config.c.obj:(.data)
20000020  80005bc       10     4         fixtures/build/CMakeFiles/cortex-m-objects.dir/src/sensor.c.obj:(.data)
20000020  80005bc        0     1                 $d
20000020  80005bc       10     1                 filter_history
20000030  80005cc        4     4         fixtures/build/CMakeFiles/cortex-m-objects.dir/src/diag.c.obj:(.data)
20000030  80005cc        0     1                 $d
20000030  80005cc        4     1                 diagnostic_count
20000034  80005d0        0     1         fixtures/build/CMakeFiles/cortex-m-objects.dir/src/telemetry.c.obj:(.data)
20000034  80005d0        0     1         fixtures/build/CMakeFiles/cortex-m-objects.dir/src/transport.c.obj:(.data)
20000034  80005d0       b0     4 .bss
20000034  80005d0       4c     4         fixtures/build/CMakeFiles/cortex-m-objects.dir/src/main.c.obj:(.bss)
20000034  80005d0        0     1                 $d
20000034  80005d0       40     1                 samples
20000074  8000610        4     1                 private_state
20000078  8000614        4     1                 tick_count
2000007c  8000618        4     1                 sample_index
20000080  800061c        0     1         fixtures/build/CMakeFiles/cortex-m-objects.dir/src/config.c.obj:(.bss)
20000080  800061c        c     4         fixtures/build/CMakeFiles/cortex-m-objects.dir/src/sensor.c.obj:(.bss)
20000080  800061c        0     1                 $d
20000080  800061c        4     1                 filter_index
20000084  8000620        4     1                 sensor_state
20000088  8000624        4     1                 last_raw_sample
2000008c  8000628        4     4         fixtures/build/CMakeFiles/cortex-m-objects.dir/src/diag.c.obj:(.bss)
2000008c  8000628        0     1                 $d
2000008c  8000628        4     1                 active_faults
20000090  800062c        4     4         fixtures/build/CMakeFiles/cortex-m-objects.dir/src/telemetry.c.obj:(.bss)
20000090  800062c        0     1                 $d
20000090  800062c        4     1                 packet_sequence
20000094  8000630       50     4         fixtures/build/CMakeFiles/cortex-m-objects.dir/src/transport.c.obj:(.bss)
20000094  8000630        0     1                 $d
20000094  8000630       40     1                 pending_packets
200000d4  8000670        4     1                 read_index
200000d8  8000674        4     1                 write_index
200000dc  8000678        4     1                 pending_count
200000e0  800067c        4     1                 last_sent_checksum
200000e8 200000e8       80     1 .reserved
200000e8 200000e8       80     1         . += 128
       0        0      b3f     1 .debug_info
       0        0      2a4     1         fixtures/build/CMakeFiles/cortex-m-objects.dir/src/main.c.obj:(.debug_info)
     2a4      2a4      145     1         fixtures/build/CMakeFiles/cortex-m-objects.dir/src/config.c.obj:(.debug_info)
     3e9      3e9      1b8     1         fixtures/build/CMakeFiles/cortex-m-objects.dir/src/sensor.c.obj:(.debug_info)
     5a1      5a1      1bf     1         fixtures/build/CMakeFiles/cortex-m-objects.dir/src/diag.c.obj:(.debug_info)
     760      760      1fe     1         fixtures/build/CMakeFiles/cortex-m-objects.dir/src/telemetry.c.obj:(.debug_info)
     95e      95e      1e1     1         fixtures/build/CMakeFiles/cortex-m-objects.dir/src/transport.c.obj:(.debug_info)
       0        0      784     1 .debug_abbrev
       0        0      1dd     1         fixtures/build/CMakeFiles/cortex-m-objects.dir/src/main.c.obj:(.debug_abbrev)
     1dd      1dd       df     1         fixtures/build/CMakeFiles/cortex-m-objects.dir/src/config.c.obj:(.debug_abbrev)
     2bc      2bc      10b     1         fixtures/build/CMakeFiles/cortex-m-objects.dir/src/sensor.c.obj:(.debug_abbrev)
     3c7      3c7      117     1         fixtures/build/CMakeFiles/cortex-m-objects.dir/src/diag.c.obj:(.debug_abbrev)
     4de      4de      130     1         fixtures/build/CMakeFiles/cortex-m-objects.dir/src/telemetry.c.obj:(.debug_abbrev)
     60e      60e      176     1         fixtures/build/CMakeFiles/cortex-m-objects.dir/src/transport.c.obj:(.debug_abbrev)
       0        0       c8     1 .debug_aranges
       0        0       28     1         fixtures/build/CMakeFiles/cortex-m-objects.dir/src/main.c.obj:(.debug_aranges)
      28       28       20     1         fixtures/build/CMakeFiles/cortex-m-objects.dir/src/config.c.obj:(.debug_aranges)
      48       48       20     1         fixtures/build/CMakeFiles/cortex-m-objects.dir/src/sensor.c.obj:(.debug_aranges)
      68       68       20     1         fixtures/build/CMakeFiles/cortex-m-objects.dir/src/diag.c.obj:(.debug_aranges)
      88       88       20     1         fixtures/build/CMakeFiles/cortex-m-objects.dir/src/telemetry.c.obj:(.debug_aranges)
      a8       a8       20     1         fixtures/build/CMakeFiles/cortex-m-objects.dir/src/transport.c.obj:(.debug_aranges)
       0        0       18     1 .debug_ranges
       0        0       18     1         fixtures/build/CMakeFiles/cortex-m-objects.dir/src/main.c.obj:(.debug_ranges)
       0        0      5df     1 .debug_line
       0        0      130     1         fixtures/build/CMakeFiles/cortex-m-objects.dir/src/main.c.obj:(.debug_line)
     130      130       af     1         fixtures/build/CMakeFiles/cortex-m-objects.dir/src/config.c.obj:(.debug_line)
     1df      1df      103     1         fixtures/build/CMakeFiles/cortex-m-objects.dir/src/sensor.c.obj:(.debug_line)
     2e2      2e2       e1     1         fixtures/build/CMakeFiles/cortex-m-objects.dir/src/diag.c.obj:(.debug_line)
     3c3      3c3      115     1         fixtures/build/CMakeFiles/cortex-m-objects.dir/src/telemetry.c.obj:(.debug_line)
     4d8      4d8      107     1         fixtures/build/CMakeFiles/cortex-m-objects.dir/src/transport.c.obj:(.debug_line)
       0        0      714     1 .debug_str
       0        0      714     1         <internal>:(.debug_str)
       0        0      3b0     4 .debug_frame
       0        0      100     4         fixtures/build/CMakeFiles/cortex-m-objects.dir/src/main.c.obj:(.debug_frame)
     100      100       98     4         fixtures/build/CMakeFiles/cortex-m-objects.dir/src/config.c.obj:(.debug_frame)
     198      198       84     4         fixtures/build/CMakeFiles/cortex-m-objects.dir/src/sensor.c.obj:(.debug_frame)
     21c      21c       7c     4         fixtures/build/CMakeFiles/cortex-m-objects.dir/src/diag.c.obj:(.debug_frame)
     298      298       80     4         fixtures/build/CMakeFiles/cortex-m-objects.dir/src/telemetry.c.obj:(.debug_frame)
     318      318       98     4         fixtures/build/CMakeFiles/cortex-m-objects.dir/src/transport.c.obj:(.debug_frame)
       0        0       2d     1 .ARM.attributes
       0        0       2d     1         fixtures/build/CMakeFiles/cortex-m-objects.dir/src/main.c.obj:(.ARM.attributes)
       0        0      6d0     4 .symtab
       0        0      6d0     4         <internal>:(.symtab)
       0        0       c6     1 .shstrtab
       0        0       c6     1         <internal>:(.shstrtab)
       0        0      3bd     1 .strtab
       0        0      3bd     1         <internal>:(.strtab)

Cross Reference Table

Symbol                                            File
initialized                                       fixtures/build/CMakeFiles/cortex-m-objects.dir/src/main.c.obj
samples                                           fixtures/build/CMakeFiles/cortex-m-objects.dir/src/main.c.obj
ram_function                                      fixtures/build/CMakeFiles/cortex-m-objects.dir/src/main.c.obj
                                                  fixtures/build/CMakeFiles/cortex-m-objects.dir/src/telemetry.c.obj
weak_callback                                     fixtures/build/CMakeFiles/cortex-m-objects.dir/src/main.c.obj
callback_alias                                    fixtures/build/CMakeFiles/cortex-m-objects.dir/src/main.c.obj
_Z12cpp_functionj                                 fixtures/build/CMakeFiles/cortex-m-objects.dir/src/main.c.obj
sensor_init                                       fixtures/build/CMakeFiles/cortex-m-objects.dir/src/sensor.c.obj
                                                  fixtures/build/CMakeFiles/cortex-m-objects.dir/src/main.c.obj
transport_init                                    fixtures/build/CMakeFiles/cortex-m-objects.dir/src/transport.c.obj
                                                  fixtures/build/CMakeFiles/cortex-m-objects.dir/src/main.c.obj
config_get                                        fixtures/build/CMakeFiles/cortex-m-objects.dir/src/config.c.obj
                                                  fixtures/build/CMakeFiles/cortex-m-objects.dir/src/main.c.obj
                                                  fixtures/build/CMakeFiles/cortex-m-objects.dir/src/sensor.c.obj
sensor_sample                                     fixtures/build/CMakeFiles/cortex-m-objects.dir/src/sensor.c.obj
                                                  fixtures/build/CMakeFiles/cortex-m-objects.dir/src/main.c.obj
diagnose                                          fixtures/build/CMakeFiles/cortex-m-objects.dir/src/diag.c.obj
                                                  fixtures/build/CMakeFiles/cortex-m-objects.dir/src/main.c.obj
                                                  fixtures/build/CMakeFiles/cortex-m-objects.dir/src/telemetry.c.obj
telemetry_collect                                 fixtures/build/CMakeFiles/cortex-m-objects.dir/src/telemetry.c.obj
                                                  fixtures/build/CMakeFiles/cortex-m-objects.dir/src/main.c.obj
transport_flush                                   fixtures/build/CMakeFiles/cortex-m-objects.dir/src/transport.c.obj
                                                  fixtures/build/CMakeFiles/cortex-m-objects.dir/src/main.c.obj
main                                              fixtures/build/CMakeFiles/cortex-m-objects.dir/src/main.c.obj
Reset_Handler                                     fixtures/build/CMakeFiles/cortex-m-objects.dir/src/main.c.obj
baudrate_table                                    fixtures/build/CMakeFiles/cortex-m-objects.dir/src/config.c.obj
config_baudrate                                   fixtures/build/CMakeFiles/cortex-m-objects.dir/src/config.c.obj
                                                  fixtures/build/CMakeFiles/cortex-m-objects.dir/src/transport.c.obj
config_alarm_threshold                            fixtures/build/CMakeFiles/cortex-m-objects.dir/src/config.c.obj
                                                  fixtures/build/CMakeFiles/cortex-m-objects.dir/src/diag.c.obj
config_checksum_seed                              fixtures/build/CMakeFiles/cortex-m-objects.dir/src/config.c.obj
                                                  fixtures/build/CMakeFiles/cortex-m-objects.dir/src/telemetry.c.obj
signature                                         fixtures/build/CMakeFiles/cortex-m-objects.dir/src/diag.c.obj
diagnostics_record_fault                          fixtures/build/CMakeFiles/cortex-m-objects.dir/src/diag.c.obj
                                                  fixtures/build/CMakeFiles/cortex-m-objects.dir/src/telemetry.c.obj
                                                  fixtures/build/CMakeFiles/cortex-m-objects.dir/src/transport.c.obj
diagnostics_status                                fixtures/build/CMakeFiles/cortex-m-objects.dir/src/diag.c.obj
                                                  fixtures/build/CMakeFiles/cortex-m-objects.dir/src/telemetry.c.obj
telemetry_scale                                   fixtures/build/CMakeFiles/cortex-m-objects.dir/src/telemetry.c.obj
                                                  fixtures/build/CMakeFiles/cortex-m-objects.dir/src/diag.c.obj
transport_pending                                 fixtures/build/CMakeFiles/cortex-m-objects.dir/src/transport.c.obj
                                                  fixtures/build/CMakeFiles/cortex-m-objects.dir/src/diag.c.obj
telemetry_checksum                                fixtures/build/CMakeFiles/cortex-m-objects.dir/src/telemetry.c.obj
                                                  fixtures/build/CMakeFiles/cortex-m-objects.dir/src/transport.c.obj
transport_enqueue                                 fixtures/build/CMakeFiles/cortex-m-objects.dir/src/transport.c.obj
                                                  fixtures/build/CMakeFiles/cortex-m-objects.dir/src/telemetry.c.obj
