
Discarded input sections

 .comment       0x00000000       0x3a /home/christoffer/repos/rustypig91/snout-firmware-explorer/fixtures/build/cortex-m-grown-main.o
 .comment       0x00000000       0x3a /home/christoffer/repos/rustypig91/snout-firmware-explorer/fixtures/build/cortex-m-grown-diag.o
 .comment       0x00000000       0x3a /home/christoffer/repos/rustypig91/snout-firmware-explorer/fixtures/build/cortex-m-grown-telemetry.o

Memory Configuration

Name             Origin             Length             Attributes
FLASH            0x08000000         0x00040000         xr
RAM              0x20000000         0x00010000         xrw
*default*        0x00000000         0xffffffff

Linker script and memory map


.text           0x08000000      0x120
 *(.text*)
 .text          0x08000000       0x84 /home/christoffer/repos/rustypig91/snout-firmware-explorer/fixtures/build/cortex-m-grown-main.o
                0x08000000                weak_callback
                0x08000000                callback_alias
                0x0800001c                _Z12cpp_functionj
                0x0800003c                Reset_Handler
 .text          0x08000084       0x40 /home/christoffer/repos/rustypig91/snout-firmware-explorer/fixtures/build/cortex-m-grown-diag.o
                0x08000084                diagnose
 .text          0x080000c4       0x50 /home/christoffer/repos/rustypig91/snout-firmware-explorer/fixtures/build/cortex-m-grown-telemetry.o
                0x080000c4                telemetry_scale
                0x080000f0                telemetry_collect
 *fill*         0x08000114        0x4
 .text.__stub   0x08000118        0x8 linker stubs

.glue_7         0x08000120        0x0
 .glue_7        0x08000120        0x0 linker stubs

.glue_7t        0x08000120        0x0
 .glue_7t       0x08000120        0x0 linker stubs

.vfp11_veneer   0x08000120        0x0
 .vfp11_veneer  0x08000120        0x0 linker stubs

.v4_bx          0x08000120        0x0
 .v4_bx         0x08000120        0x0 linker stubs

.iplt           0x08000120        0x0
 .iplt          0x08000120        0x0 /home/christoffer/repos/rustypig91/snout-firmware-explorer/fixtures/build/cortex-m-grown-main.o

.rodata         0x08000120       0x30
 *(.rodata*)
 .rodata        0x08000120       0x10 /home/christoffer/repos/rustypig91/snout-firmware-explorer/fixtures/build/cortex-m-grown-main.o
                0x08000120                baudrate_table
 .rodata        0x08000130       0x10 /home/christoffer/repos/rustypig91/snout-firmware-explorer/fixtures/build/cortex-m-grown-diag.o
 .rodata        0x08000140       0x10 /home/christoffer/repos/rustypig91/snout-firmware-explorer/fixtures/build/cortex-m-grown-telemetry.o

.unusual_constants
                0x08000150        0x8
 *(.unusual_constants*)
 .unusual_constants
                0x08000150        0x8 /home/christoffer/repos/rustypig91/snout-firmware-explorer/fixtures/build/cortex-m-grown-diag.o
                0x08000150                signature

.ARM.exidx
 *(.ARM.exidx*)

.ram_code       0x20000000       0x1c load address 0x08000158
 *(.ram_code*)
 .ram_code      0x20000000       0x1c /home/christoffer/repos/rustypig91/snout-firmware-explorer/fixtures/build/cortex-m-grown-main.o
                0x20000000                ram_function

.rel.dyn        0x2000001c        0x0 load address 0x08000174
 .rel.iplt      0x2000001c        0x0 /home/christoffer/repos/rustypig91/snout-firmware-explorer/fixtures/build/cortex-m-grown-main.o

.data           0x2000001c        0x8 load address 0x08000174
 *(.data*)
 .data          0x2000001c        0x4 /home/christoffer/repos/rustypig91/snout-firmware-explorer/fixtures/build/cortex-m-grown-main.o
                0x2000001c                initialized
 .data          0x20000020        0x4 /home/christoffer/repos/rustypig91/snout-firmware-explorer/fixtures/build/cortex-m-grown-diag.o
 .data          0x20000024        0x0 /home/christoffer/repos/rustypig91/snout-firmware-explorer/fixtures/build/cortex-m-grown-telemetry.o

.igot.plt       0x20000024        0x0 load address 0x0800017c
 .igot.plt      0x20000024        0x0 /home/christoffer/repos/rustypig91/snout-firmware-explorer/fixtures/build/cortex-m-grown-main.o

.bss            0x20000024       0x64 load address 0x0800017c
 *(.bss*)
 .bss           0x20000024       0x64 /home/christoffer/repos/rustypig91/snout-firmware-explorer/fixtures/build/cortex-m-grown-main.o
                0x20000024                samples
 .bss           0x20000088        0x0 /home/christoffer/repos/rustypig91/snout-firmware-explorer/fixtures/build/cortex-m-grown-diag.o
 .bss           0x20000088        0x0 /home/christoffer/repos/rustypig91/snout-firmware-explorer/fixtures/build/cortex-m-grown-telemetry.o
 *(COMMON)

.reserved       0x20000088       0x80 load address 0x0800017c
                0x20000088                        . = ALIGN (0x8)
                0x20000108                        . = (. + 0x80)
 *fill*         0x20000088       0x80

/DISCARD/
 *(.comment)
 *(.note*)
LOAD /home/christoffer/repos/rustypig91/snout-firmware-explorer/fixtures/build/cortex-m-grown-main.o
LOAD /home/christoffer/repos/rustypig91/snout-firmware-explorer/fixtures/build/cortex-m-grown-diag.o
LOAD /home/christoffer/repos/rustypig91/snout-firmware-explorer/fixtures/build/cortex-m-grown-telemetry.o
OUTPUT(/home/christoffer/repos/rustypig91/snout-firmware-explorer/fixtures/cortex-m-grown.elf elf32-littlearm)
LOAD linker stubs

.ARM.attributes
                0x00000000       0x2d
 .ARM.attributes
                0x00000000       0x2d /home/christoffer/repos/rustypig91/snout-firmware-explorer/fixtures/build/cortex-m-grown-main.o
 .ARM.attributes
                0x0000002d       0x2d /home/christoffer/repos/rustypig91/snout-firmware-explorer/fixtures/build/cortex-m-grown-diag.o
 .ARM.attributes
                0x0000005a       0x2d /home/christoffer/repos/rustypig91/snout-firmware-explorer/fixtures/build/cortex-m-grown-telemetry.o

.debug_info     0x00000000      0x31d
 .debug_info    0x00000000      0x14d /home/christoffer/repos/rustypig91/snout-firmware-explorer/fixtures/build/cortex-m-grown-main.o
 .debug_info    0x0000014d       0xfb /home/christoffer/repos/rustypig91/snout-firmware-explorer/fixtures/build/cortex-m-grown-diag.o
 .debug_info    0x00000248       0xd5 /home/christoffer/repos/rustypig91/snout-firmware-explorer/fixtures/build/cortex-m-grown-telemetry.o

.debug_abbrev   0x00000000      0x264
 .debug_abbrev  0x00000000      0x102 /home/christoffer/repos/rustypig91/snout-firmware-explorer/fixtures/build/cortex-m-grown-main.o
 .debug_abbrev  0x00000102       0xb0 /home/christoffer/repos/rustypig91/snout-firmware-explorer/fixtures/build/cortex-m-grown-diag.o
 .debug_abbrev  0x000001b2       0xb2 /home/christoffer/repos/rustypig91/snout-firmware-explorer/fixtures/build/cortex-m-grown-telemetry.o

.debug_aranges  0x00000000       0x68
 .debug_aranges
                0x00000000       0x28 /home/christoffer/repos/rustypig91/snout-firmware-explorer/fixtures/build/cortex-m-grown-main.o
 .debug_aranges
                0x00000028       0x20 /home/christoffer/repos/rustypig91/snout-firmware-explorer/fixtures/build/cortex-m-grown-diag.o
 .debug_aranges
                0x00000048       0x20 /home/christoffer/repos/rustypig91/snout-firmware-explorer/fixtures/build/cortex-m-grown-telemetry.o

.debug_ranges   0x00000000       0x18
 .debug_ranges  0x00000000       0x18 /home/christoffer/repos/rustypig91/snout-firmware-explorer/fixtures/build/cortex-m-grown-main.o

.debug_line     0x00000000      0x16a
 .debug_line    0x00000000       0x98 /home/christoffer/repos/rustypig91/snout-firmware-explorer/fixtures/build/cortex-m-grown-main.o
 .debug_line    0x00000098       0x58 /home/christoffer/repos/rustypig91/snout-firmware-explorer/fixtures/build/cortex-m-grown-diag.o
 .debug_line    0x000000f0       0x7a /home/christoffer/repos/rustypig91/snout-firmware-explorer/fixtures/build/cortex-m-grown-telemetry.o

.debug_str      0x00000000      0x236
 .debug_str     0x00000000      0x236 /home/christoffer/repos/rustypig91/snout-firmware-explorer/fixtures/build/cortex-m-grown-main.o
                                0x1c0 (size before relaxing)
 .debug_str     0x00000236      0x16f /home/christoffer/repos/rustypig91/snout-firmware-explorer/fixtures/build/cortex-m-grown-diag.o
 .debug_str     0x00000236      0x178 /home/christoffer/repos/rustypig91/snout-firmware-explorer/fixtures/build/cortex-m-grown-telemetry.o

.debug_frame    0x00000000      0x12c
 .debug_frame   0x00000000       0x9c /home/christoffer/repos/rustypig91/snout-firmware-explorer/fixtures/build/cortex-m-grown-main.o
 .debug_frame   0x0000009c       0x34 /home/christoffer/repos/rustypig91/snout-firmware-explorer/fixtures/build/cortex-m-grown-diag.o
 .debug_frame   0x000000d0       0x5c /home/christoffer/repos/rustypig91/snout-firmware-explorer/fixtures/build/cortex-m-grown-telemetry.o

Cross Reference Table

Symbol                                            File
Reset_Handler                                     /home/christoffer/repos/rustypig91/snout-firmware-explorer/fixtures/build/cortex-m-grown-main.o
_Z12cpp_functionj                                 /home/christoffer/repos/rustypig91/snout-firmware-explorer/fixtures/build/cortex-m-grown-main.o
baudrate_table                                    /home/christoffer/repos/rustypig91/snout-firmware-explorer/fixtures/build/cortex-m-grown-main.o
callback_alias                                    /home/christoffer/repos/rustypig91/snout-firmware-explorer/fixtures/build/cortex-m-grown-main.o
diagnose                                          /home/christoffer/repos/rustypig91/snout-firmware-explorer/fixtures/build/cortex-m-grown-diag.o
                                                  /home/christoffer/repos/rustypig91/snout-firmware-explorer/fixtures/build/cortex-m-grown-telemetry.o
                                                  /home/christoffer/repos/rustypig91/snout-firmware-explorer/fixtures/build/cortex-m-grown-main.o
initialized                                       /home/christoffer/repos/rustypig91/snout-firmware-explorer/fixtures/build/cortex-m-grown-main.o
ram_function                                      /home/christoffer/repos/rustypig91/snout-firmware-explorer/fixtures/build/cortex-m-grown-main.o
                                                  /home/christoffer/repos/rustypig91/snout-firmware-explorer/fixtures/build/cortex-m-grown-telemetry.o
samples                                           /home/christoffer/repos/rustypig91/snout-firmware-explorer/fixtures/build/cortex-m-grown-main.o
signature                                         /home/christoffer/repos/rustypig91/snout-firmware-explorer/fixtures/build/cortex-m-grown-diag.o
telemetry_collect                                 /home/christoffer/repos/rustypig91/snout-firmware-explorer/fixtures/build/cortex-m-grown-telemetry.o
                                                  /home/christoffer/repos/rustypig91/snout-firmware-explorer/fixtures/build/cortex-m-grown-main.o
telemetry_scale                                   /home/christoffer/repos/rustypig91/snout-firmware-explorer/fixtures/build/cortex-m-grown-telemetry.o
                                                  /home/christoffer/repos/rustypig91/snout-firmware-explorer/fixtures/build/cortex-m-grown-diag.o
weak_callback                                     /home/christoffer/repos/rustypig91/snout-firmware-explorer/fixtures/build/cortex-m-grown-main.o
