
Discarded input sections

 .comment       0x00000000       0x3a /home/christoffer/repos/rustypig91/snout-firmware-explorer/fixtures/build/cortex-m-main.o
 .comment       0x00000000       0x3a /home/christoffer/repos/rustypig91/snout-firmware-explorer/fixtures/build/cortex-m-config.o
 .comment       0x00000000       0x3a /home/christoffer/repos/rustypig91/snout-firmware-explorer/fixtures/build/cortex-m-sensor.o
 .comment       0x00000000       0x3a /home/christoffer/repos/rustypig91/snout-firmware-explorer/fixtures/build/cortex-m-diag.o
 .comment       0x00000000       0x3a /home/christoffer/repos/rustypig91/snout-firmware-explorer/fixtures/build/cortex-m-telemetry.o
 .comment       0x00000000       0x3a /home/christoffer/repos/rustypig91/snout-firmware-explorer/fixtures/build/cortex-m-transport.o

Memory Configuration

Name             Origin             Length             Attributes
FLASH            0x08000000         0x00040000         xr
RAM              0x20000000         0x00010000         xrw
*default*        0x00000000         0xffffffff

Linker script and memory map


.text           0x08000000      0x540
 *(.text*)
 .text          0x08000000      0x13c /home/christoffer/repos/rustypig91/snout-firmware-explorer/fixtures/build/cortex-m-main.o
                0x08000000                weak_callback
                0x08000000                callback_alias
                0x0800001c                _Z12cpp_functionj
                0x08000120                main
                0x0800012e                Reset_Handler
 .text          0x0800013c       0x60 /home/christoffer/repos/rustypig91/snout-firmware-explorer/fixtures/build/cortex-m-config.o
                0x0800013c                config_get
                0x08000150                config_baudrate
                0x08000160                config_alarm_threshold
                0x08000188                config_checksum_seed
 .text          0x0800019c       0xfc /home/christoffer/repos/rustypig91/snout-firmware-explorer/fixtures/build/cortex-m-sensor.o
                0x0800019c                sensor_init
                0x08000238                sensor_sample
 .text          0x08000298       0xb8 /home/christoffer/repos/rustypig91/snout-firmware-explorer/fixtures/build/cortex-m-diag.o
                0x08000298                diagnostics_record_fault
                0x080002c8                diagnostics_status
                0x080002dc                diagnose
 .text          0x08000350       0xd8 /home/christoffer/repos/rustypig91/snout-firmware-explorer/fixtures/build/cortex-m-telemetry.o
                0x08000350                telemetry_scale
                0x0800037c                telemetry_checksum
                0x080003be                telemetry_collect
 .text          0x08000428      0x110 /home/christoffer/repos/rustypig91/snout-firmware-explorer/fixtures/build/cortex-m-transport.o
                0x08000428                transport_init
                0x0800045c                transport_pending
                0x08000470                transport_enqueue
                0x080004c8                transport_flush
 .text.__stub   0x08000538        0x8 linker stubs

.glue_7         0x08000540        0x0
 .glue_7        0x08000540        0x0 linker stubs

.glue_7t        0x08000540        0x0
 .glue_7t       0x08000540        0x0 linker stubs

.vfp11_veneer   0x08000540        0x0
 .vfp11_veneer  0x08000540        0x0 linker stubs

.v4_bx          0x08000540        0x0
 .v4_bx         0x08000540        0x0 linker stubs

.iplt           0x08000540        0x0
 .iplt          0x08000540        0x0 /home/christoffer/repos/rustypig91/snout-firmware-explorer/fixtures/build/cortex-m-main.o

.rodata         0x08000540       0x50
 *(.rodata*)
 .rodata        0x08000540       0x30 /home/christoffer/repos/rustypig91/snout-firmware-explorer/fixtures/build/cortex-m-config.o
                0x08000550                baudrate_table
 .rodata        0x08000570       0x10 /home/christoffer/repos/rustypig91/snout-firmware-explorer/fixtures/build/cortex-m-diag.o
 .rodata        0x08000580       0x10 /home/christoffer/repos/rustypig91/snout-firmware-explorer/fixtures/build/cortex-m-telemetry.o

.unusual_constants
                0x08000590        0x8
 *(.unusual_constants*)
 .unusual_constants
                0x08000590        0x8 /home/christoffer/repos/rustypig91/snout-firmware-explorer/fixtures/build/cortex-m-diag.o
                0x08000590                signature

.ARM.exidx
 *(.ARM.exidx*)

.ram_code       0x20000000       0x1c load address 0x08000598
 *(.ram_code*)
 .ram_code      0x20000000       0x1c /home/christoffer/repos/rustypig91/snout-firmware-explorer/fixtures/build/cortex-m-main.o
                0x20000000                ram_function

.rel.dyn        0x2000001c        0x0 load address 0x080005b4
 .rel.iplt      0x2000001c        0x0 /home/christoffer/repos/rustypig91/snout-firmware-explorer/fixtures/build/cortex-m-main.o

.data           0x2000001c       0x18 load address 0x080005b4
 *(.data*)
 .data          0x2000001c        0x4 /home/christoffer/repos/rustypig91/snout-firmware-explorer/fixtures/build/cortex-m-main.o
                0x2000001c                initialized
 .data          0x20000020        0x0 /home/christoffer/repos/rustypig91/snout-firmware-explorer/fixtures/build/cortex-m-config.o
 .data          0x20000020       0x10 /home/christoffer/repos/rustypig91/snout-firmware-explorer/fixtures/build/cortex-m-sensor.o
 .data          0x20000030        0x4 /home/christoffer/repos/rustypig91/snout-firmware-explorer/fixtures/build/cortex-m-diag.o
 .data          0x20000034        0x0 /home/christoffer/repos/rustypig91/snout-firmware-explorer/fixtures/build/cortex-m-telemetry.o
 .data          0x20000034        0x0 /home/christoffer/repos/rustypig91/snout-firmware-explorer/fixtures/build/cortex-m-transport.o

.igot.plt       0x20000034        0x0 load address 0x080005cc
 .igot.plt      0x20000034        0x0 /home/christoffer/repos/rustypig91/snout-firmware-explorer/fixtures/build/cortex-m-main.o

.bss            0x20000034       0xb0 load address 0x080005cc
 *(.bss*)
 .bss           0x20000034       0x4c /home/christoffer/repos/rustypig91/snout-firmware-explorer/fixtures/build/cortex-m-main.o
                0x20000034                samples
 .bss           0x20000080        0x0 /home/christoffer/repos/rustypig91/snout-firmware-explorer/fixtures/build/cortex-m-config.o
 .bss           0x20000080        0xc /home/christoffer/repos/rustypig91/snout-firmware-explorer/fixtures/build/cortex-m-sensor.o
 .bss           0x2000008c        0x4 /home/christoffer/repos/rustypig91/snout-firmware-explorer/fixtures/build/cortex-m-diag.o
 .bss           0x20000090        0x4 /home/christoffer/repos/rustypig91/snout-firmware-explorer/fixtures/build/cortex-m-telemetry.o
 .bss           0x20000094       0x50 /home/christoffer/repos/rustypig91/snout-firmware-explorer/fixtures/build/cortex-m-transport.o
 *(COMMON)

.reserved       0x200000e8       0x80
                0x20000168                        . = (. + 0x80)
 *fill*         0x200000e8       0x80

/DISCARD/
 *(.comment)
 *(.note*)
LOAD /home/christoffer/repos/rustypig91/snout-firmware-explorer/fixtures/build/cortex-m-main.o
LOAD /home/christoffer/repos/rustypig91/snout-firmware-explorer/fixtures/build/cortex-m-config.o
LOAD /home/christoffer/repos/rustypig91/snout-firmware-explorer/fixtures/build/cortex-m-sensor.o
LOAD /home/christoffer/repos/rustypig91/snout-firmware-explorer/fixtures/build/cortex-m-diag.o
LOAD /home/christoffer/repos/rustypig91/snout-firmware-explorer/fixtures/build/cortex-m-telemetry.o
LOAD /home/christoffer/repos/rustypig91/snout-firmware-explorer/fixtures/build/cortex-m-transport.o
OUTPUT(/home/christoffer/repos/rustypig91/snout-firmware-explorer/fixtures/cortex-m.elf elf32-littlearm)
LOAD linker stubs

.ARM.attributes
                0x00000000       0x2d
 .ARM.attributes
                0x00000000       0x2d /home/christoffer/repos/rustypig91/snout-firmware-explorer/fixtures/build/cortex-m-main.o
 .ARM.attributes
                0x0000002d       0x2d /home/christoffer/repos/rustypig91/snout-firmware-explorer/fixtures/build/cortex-m-config.o
 .ARM.attributes
                0x0000005a       0x2d /home/christoffer/repos/rustypig91/snout-firmware-explorer/fixtures/build/cortex-m-sensor.o
 .ARM.attributes
                0x00000087       0x2d /home/christoffer/repos/rustypig91/snout-firmware-explorer/fixtures/build/cortex-m-diag.o
 .ARM.attributes
                0x000000b4       0x2d /home/christoffer/repos/rustypig91/snout-firmware-explorer/fixtures/build/cortex-m-telemetry.o
 .ARM.attributes
                0x000000e1       0x2d /home/christoffer/repos/rustypig91/snout-firmware-explorer/fixtures/build/cortex-m-transport.o

.debug_info     0x00000000      0xb3f
 .debug_info    0x00000000      0x2a4 /home/christoffer/repos/rustypig91/snout-firmware-explorer/fixtures/build/cortex-m-main.o
 .debug_info    0x000002a4      0x145 /home/christoffer/repos/rustypig91/snout-firmware-explorer/fixtures/build/cortex-m-config.o
 .debug_info    0x000003e9      0x1b8 /home/christoffer/repos/rustypig91/snout-firmware-explorer/fixtures/build/cortex-m-sensor.o
 .debug_info    0x000005a1      0x1bf /home/christoffer/repos/rustypig91/snout-firmware-explorer/fixtures/build/cortex-m-diag.o
 .debug_info    0x00000760      0x1fe /home/christoffer/repos/rustypig91/snout-firmware-explorer/fixtures/build/cortex-m-telemetry.o
 .debug_info    0x0000095e      0x1e1 /home/christoffer/repos/rustypig91/snout-firmware-explorer/fixtures/build/cortex-m-transport.o

.debug_abbrev   0x00000000      0x784
 .debug_abbrev  0x00000000      0x1dd /home/christoffer/repos/rustypig91/snout-firmware-explorer/fixtures/build/cortex-m-main.o
 .debug_abbrev  0x000001dd       0xdf /home/christoffer/repos/rustypig91/snout-firmware-explorer/fixtures/build/cortex-m-config.o
 .debug_abbrev  0x000002bc      0x10b /home/christoffer/repos/rustypig91/snout-firmware-explorer/fixtures/build/cortex-m-sensor.o
 .debug_abbrev  0x000003c7      0x117 /home/christoffer/repos/rustypig91/snout-firmware-explorer/fixtures/build/cortex-m-diag.o
 .debug_abbrev  0x000004de      0x130 /home/christoffer/repos/rustypig91/snout-firmware-explorer/fixtures/build/cortex-m-telemetry.o
 .debug_abbrev  0x0000060e      0x176 /home/christoffer/repos/rustypig91/snout-firmware-explorer/fixtures/build/cortex-m-transport.o

.debug_aranges  0x00000000       0xc8
 .debug_aranges
                0x00000000       0x28 /home/christoffer/repos/rustypig91/snout-firmware-explorer/fixtures/build/cortex-m-main.o
 .debug_aranges
                0x00000028       0x20 /home/christoffer/repos/rustypig91/snout-firmware-explorer/fixtures/build/cortex-m-config.o
 .debug_aranges
                0x00000048       0x20 /home/christoffer/repos/rustypig91/snout-firmware-explorer/fixtures/build/cortex-m-sensor.o
 .debug_aranges
                0x00000068       0x20 /home/christoffer/repos/rustypig91/snout-firmware-explorer/fixtures/build/cortex-m-diag.o
 .debug_aranges
                0x00000088       0x20 /home/christoffer/repos/rustypig91/snout-firmware-explorer/fixtures/build/cortex-m-telemetry.o
 .debug_aranges
                0x000000a8       0x20 /home/christoffer/repos/rustypig91/snout-firmware-explorer/fixtures/build/cortex-m-transport.o

.debug_ranges   0x00000000       0x18
 .debug_ranges  0x00000000       0x18 /home/christoffer/repos/rustypig91/snout-firmware-explorer/fixtures/build/cortex-m-main.o

.debug_line     0x00000000      0x47d
 .debug_line    0x00000000       0xf5 /home/christoffer/repos/rustypig91/snout-firmware-explorer/fixtures/build/cortex-m-main.o
 .debug_line    0x000000f5       0x74 /home/christoffer/repos/rustypig91/snout-firmware-explorer/fixtures/build/cortex-m-config.o
 .debug_line    0x00000169       0xc8 /home/christoffer/repos/rustypig91/snout-firmware-explorer/fixtures/build/cortex-m-sensor.o
 .debug_line    0x00000231       0xa6 /home/christoffer/repos/rustypig91/snout-firmware-explorer/fixtures/build/cortex-m-diag.o
 .debug_line    0x000002d7       0xda /home/christoffer/repos/rustypig91/snout-firmware-explorer/fixtures/build/cortex-m-telemetry.o
 .debug_line    0x000003b1       0xcc /home/christoffer/repos/rustypig91/snout-firmware-explorer/fixtures/build/cortex-m-transport.o

.debug_str      0x00000000      0x549
 .debug_str     0x00000000      0x549 /home/christoffer/repos/rustypig91/snout-firmware-explorer/fixtures/build/cortex-m-main.o
                                0x318 (size before relaxing)
 .debug_str     0x00000549      0x203 /home/christoffer/repos/rustypig91/snout-firmware-explorer/fixtures/build/cortex-m-config.o
 .debug_str     0x00000549      0x216 /home/christoffer/repos/rustypig91/snout-firmware-explorer/fixtures/build/cortex-m-sensor.o
 .debug_str     0x00000549      0x262 /home/christoffer/repos/rustypig91/snout-firmware-explorer/fixtures/build/cortex-m-diag.o
 .debug_str     0x00000549      0x2a0 /home/christoffer/repos/rustypig91/snout-firmware-explorer/fixtures/build/cortex-m-telemetry.o
 .debug_str     0x00000549      0x2aa /home/christoffer/repos/rustypig91/snout-firmware-explorer/fixtures/build/cortex-m-transport.o

.debug_frame    0x00000000      0x3b0
 .debug_frame   0x00000000      0x100 /home/christoffer/repos/rustypig91/snout-firmware-explorer/fixtures/build/cortex-m-main.o
 .debug_frame   0x00000100       0x98 /home/christoffer/repos/rustypig91/snout-firmware-explorer/fixtures/build/cortex-m-config.o
 .debug_frame   0x00000198       0x84 /home/christoffer/repos/rustypig91/snout-firmware-explorer/fixtures/build/cortex-m-sensor.o
 .debug_frame   0x0000021c       0x7c /home/christoffer/repos/rustypig91/snout-firmware-explorer/fixtures/build/cortex-m-diag.o
 .debug_frame   0x00000298       0x80 /home/christoffer/repos/rustypig91/snout-firmware-explorer/fixtures/build/cortex-m-telemetry.o
 .debug_frame   0x00000318       0x98 /home/christoffer/repos/rustypig91/snout-firmware-explorer/fixtures/build/cortex-m-transport.o

Cross Reference Table

Symbol                                            File
Reset_Handler                                     /home/christoffer/repos/rustypig91/snout-firmware-explorer/fixtures/build/cortex-m-main.o
_Z12cpp_functionj                                 /home/christoffer/repos/rustypig91/snout-firmware-explorer/fixtures/build/cortex-m-main.o
baudrate_table                                    /home/christoffer/repos/rustypig91/snout-firmware-explorer/fixtures/build/cortex-m-config.o
callback_alias                                    /home/christoffer/repos/rustypig91/snout-firmware-explorer/fixtures/build/cortex-m-main.o
config_alarm_threshold                            /home/christoffer/repos/rustypig91/snout-firmware-explorer/fixtures/build/cortex-m-config.o
                                                  /home/christoffer/repos/rustypig91/snout-firmware-explorer/fixtures/build/cortex-m-diag.o
config_baudrate                                   /home/christoffer/repos/rustypig91/snout-firmware-explorer/fixtures/build/cortex-m-config.o
                                                  /home/christoffer/repos/rustypig91/snout-firmware-explorer/fixtures/build/cortex-m-transport.o
config_checksum_seed                              /home/christoffer/repos/rustypig91/snout-firmware-explorer/fixtures/build/cortex-m-config.o
                                                  /home/christoffer/repos/rustypig91/snout-firmware-explorer/fixtures/build/cortex-m-telemetry.o
config_get                                        /home/christoffer/repos/rustypig91/snout-firmware-explorer/fixtures/build/cortex-m-config.o
                                                  /home/christoffer/repos/rustypig91/snout-firmware-explorer/fixtures/build/cortex-m-sensor.o
                                                  /home/christoffer/repos/rustypig91/snout-firmware-explorer/fixtures/build/cortex-m-main.o
diagnose                                          /home/christoffer/repos/rustypig91/snout-firmware-explorer/fixtures/build/cortex-m-diag.o
                                                  /home/christoffer/repos/rustypig91/snout-firmware-explorer/fixtures/build/cortex-m-telemetry.o
                                                  /home/christoffer/repos/rustypig91/snout-firmware-explorer/fixtures/build/cortex-m-main.o
diagnostics_record_fault                          /home/christoffer/repos/rustypig91/snout-firmware-explorer/fixtures/build/cortex-m-diag.o
                                                  /home/christoffer/repos/rustypig91/snout-firmware-explorer/fixtures/build/cortex-m-transport.o
                                                  /home/christoffer/repos/rustypig91/snout-firmware-explorer/fixtures/build/cortex-m-telemetry.o
diagnostics_status                                /home/christoffer/repos/rustypig91/snout-firmware-explorer/fixtures/build/cortex-m-diag.o
                                                  /home/christoffer/repos/rustypig91/snout-firmware-explorer/fixtures/build/cortex-m-telemetry.o
initialized                                       /home/christoffer/repos/rustypig91/snout-firmware-explorer/fixtures/build/cortex-m-main.o
main                                              /home/christoffer/repos/rustypig91/snout-firmware-explorer/fixtures/build/cortex-m-main.o
ram_function                                      /home/christoffer/repos/rustypig91/snout-firmware-explorer/fixtures/build/cortex-m-main.o
                                                  /home/christoffer/repos/rustypig91/snout-firmware-explorer/fixtures/build/cortex-m-telemetry.o
samples                                           /home/christoffer/repos/rustypig91/snout-firmware-explorer/fixtures/build/cortex-m-main.o
sensor_init                                       /home/christoffer/repos/rustypig91/snout-firmware-explorer/fixtures/build/cortex-m-sensor.o
                                                  /home/christoffer/repos/rustypig91/snout-firmware-explorer/fixtures/build/cortex-m-main.o
sensor_sample                                     /home/christoffer/repos/rustypig91/snout-firmware-explorer/fixtures/build/cortex-m-sensor.o
                                                  /home/christoffer/repos/rustypig91/snout-firmware-explorer/fixtures/build/cortex-m-main.o
signature                                         /home/christoffer/repos/rustypig91/snout-firmware-explorer/fixtures/build/cortex-m-diag.o
telemetry_checksum                                /home/christoffer/repos/rustypig91/snout-firmware-explorer/fixtures/build/cortex-m-telemetry.o
                                                  /home/christoffer/repos/rustypig91/snout-firmware-explorer/fixtures/build/cortex-m-transport.o
telemetry_collect                                 /home/christoffer/repos/rustypig91/snout-firmware-explorer/fixtures/build/cortex-m-telemetry.o
                                                  /home/christoffer/repos/rustypig91/snout-firmware-explorer/fixtures/build/cortex-m-main.o
telemetry_scale                                   /home/christoffer/repos/rustypig91/snout-firmware-explorer/fixtures/build/cortex-m-telemetry.o
                                                  /home/christoffer/repos/rustypig91/snout-firmware-explorer/fixtures/build/cortex-m-diag.o
transport_enqueue                                 /home/christoffer/repos/rustypig91/snout-firmware-explorer/fixtures/build/cortex-m-transport.o
                                                  /home/christoffer/repos/rustypig91/snout-firmware-explorer/fixtures/build/cortex-m-telemetry.o
transport_flush                                   /home/christoffer/repos/rustypig91/snout-firmware-explorer/fixtures/build/cortex-m-transport.o
                                                  /home/christoffer/repos/rustypig91/snout-firmware-explorer/fixtures/build/cortex-m-main.o
transport_init                                    /home/christoffer/repos/rustypig91/snout-firmware-explorer/fixtures/build/cortex-m-transport.o
                                                  /home/christoffer/repos/rustypig91/snout-firmware-explorer/fixtures/build/cortex-m-main.o
transport_pending                                 /home/christoffer/repos/rustypig91/snout-firmware-explorer/fixtures/build/cortex-m-transport.o
                                                  /home/christoffer/repos/rustypig91/snout-firmware-explorer/fixtures/build/cortex-m-diag.o
weak_callback                                     /home/christoffer/repos/rustypig91/snout-firmware-explorer/fixtures/build/cortex-m-main.o
