
Discarded input sections

 .debug_info    0x00000000      0x137 C:\Users\chris\repos\snout-firmware-explorer\fixtures\build\cortex-m-main.o
 .debug_abbrev  0x00000000      0x102 C:\Users\chris\repos\snout-firmware-explorer\fixtures\build\cortex-m-main.o
 .debug_aranges
                0x00000000       0x28 C:\Users\chris\repos\snout-firmware-explorer\fixtures\build\cortex-m-main.o
 .debug_ranges  0x00000000       0x18 C:\Users\chris\repos\snout-firmware-explorer\fixtures\build\cortex-m-main.o
 .debug_line    0x00000000       0x8e C:\Users\chris\repos\snout-firmware-explorer\fixtures\build\cortex-m-main.o
 .debug_str     0x00000000      0x1a0 C:\Users\chris\repos\snout-firmware-explorer\fixtures\build\cortex-m-main.o
 .comment       0x00000000       0x3a C:\Users\chris\repos\snout-firmware-explorer\fixtures\build\cortex-m-main.o
 .debug_frame   0x00000000       0x9c C:\Users\chris\repos\snout-firmware-explorer\fixtures\build\cortex-m-main.o
 .debug_info    0x00000000       0xe5 C:\Users\chris\repos\snout-firmware-explorer\fixtures\build\cortex-m-diag.o
 .debug_abbrev  0x00000000       0x92 C:\Users\chris\repos\snout-firmware-explorer\fixtures\build\cortex-m-diag.o
 .debug_aranges
                0x00000000       0x20 C:\Users\chris\repos\snout-firmware-explorer\fixtures\build\cortex-m-diag.o
 .debug_line    0x00000000       0x58 C:\Users\chris\repos\snout-firmware-explorer\fixtures\build\cortex-m-diag.o
 .debug_str     0x00000000      0x151 C:\Users\chris\repos\snout-firmware-explorer\fixtures\build\cortex-m-diag.o
 .comment       0x00000000       0x3a C:\Users\chris\repos\snout-firmware-explorer\fixtures\build\cortex-m-diag.o
 .debug_frame   0x00000000       0x38 C:\Users\chris\repos\snout-firmware-explorer\fixtures\build\cortex-m-diag.o

Memory Configuration

Name             Origin             Length             Attributes
FLASH            0x08000000         0x00040000         xr
RAM              0x20000000         0x00010000         xrw
*default*        0x00000000         0xffffffff

Linker script and memory map


.text           0x08000000       0xb8
 *(.text*)
 .text          0x08000000       0x74 C:\Users\chris\repos\snout-firmware-explorer\fixtures\build\cortex-m-main.o
                0x08000000                callback_alias
                0x08000000                weak_callback
                0x0800001c                cpp_function(unsigned int)
                0x0800003c                Reset_Handler
 .text          0x08000074       0x38 C:\Users\chris\repos\snout-firmware-explorer\fixtures\build\cortex-m-diag.o
                0x08000074                diagnose
 *fill*         0x080000ac        0x4 
 .text.__stub   0x080000b0        0x8 linker stubs

.glue_7         0x080000b8        0x0
 .glue_7        0x080000b8        0x0 linker stubs

.glue_7t        0x080000b8        0x0
 .glue_7t       0x080000b8        0x0 linker stubs

.vfp11_veneer   0x080000b8        0x0
 .vfp11_veneer  0x080000b8        0x0 linker stubs

.v4_bx          0x080000b8        0x0
 .v4_bx         0x080000b8        0x0 linker stubs

.iplt           0x080000b8        0x0
 .iplt          0x080000b8        0x0 C:\Users\chris\repos\snout-firmware-explorer\fixtures\build\cortex-m-main.o

.rodata         0x080000b8       0x20
 *(.rodata*)
 .rodata        0x080000b8       0x10 C:\Users\chris\repos\snout-firmware-explorer\fixtures\build\cortex-m-main.o
                0x080000b8                baudrate_table
 .rodata        0x080000c8       0x10 C:\Users\chris\repos\snout-firmware-explorer\fixtures\build\cortex-m-diag.o

.unusual_constants
                0x080000d8        0x8
 *(.unusual_constants*)
 .unusual_constants
                0x080000d8        0x8 C:\Users\chris\repos\snout-firmware-explorer\fixtures\build\cortex-m-diag.o
                0x080000d8                signature

.ARM.exidx
 *(.ARM.exidx*)

.ram_code       0x20000000       0x1c load address 0x080000e0
 *(.ram_code*)
 .ram_code      0x20000000       0x1c C:\Users\chris\repos\snout-firmware-explorer\fixtures\build\cortex-m-main.o
                0x20000000                ram_function

.rel.dyn        0x2000001c        0x0 load address 0x080000fc
 .rel.iplt      0x2000001c        0x0 C:\Users\chris\repos\snout-firmware-explorer\fixtures\build\cortex-m-main.o

.data           0x2000001c        0x8 load address 0x080000fc
 *(.data*)
 .data          0x2000001c        0x4 C:\Users\chris\repos\snout-firmware-explorer\fixtures\build\cortex-m-main.o
                0x2000001c                initialized
 .data          0x20000020        0x4 C:\Users\chris\repos\snout-firmware-explorer\fixtures\build\cortex-m-diag.o

.igot.plt       0x20000024        0x0 load address 0x08000104
 .igot.plt      0x20000024        0x0 C:\Users\chris\repos\snout-firmware-explorer\fixtures\build\cortex-m-main.o

.bss            0x20000024       0x44 load address 0x08000104
 *(.bss*)
 .bss           0x20000024       0x44 C:\Users\chris\repos\snout-firmware-explorer\fixtures\build\cortex-m-main.o
                0x20000024                samples
 .bss           0x20000068        0x0 C:\Users\chris\repos\snout-firmware-explorer\fixtures\build\cortex-m-diag.o
 *(COMMON)

.reserved       0x20000068       0x80 load address 0x08000104
                0x20000068                        . = ALIGN (0x8)
                0x200000e8                        . = (. + 0x80)
 *fill*         0x20000068       0x80 

/DISCARD/
 *(.comment)
 *(.note*)
LOAD C:\Users\chris\repos\snout-firmware-explorer\fixtures\build\cortex-m-main.o
LOAD C:\Users\chris\repos\snout-firmware-explorer\fixtures\build\cortex-m-diag.o
OUTPUT(C:\Users\chris\repos\snout-firmware-explorer\fixtures\cortex-m-stripped.elf elf32-littlearm)
LOAD linker stubs

.ARM.attributes
                0x00000000       0x2d
 .ARM.attributes
                0x00000000       0x2d C:\Users\chris\repos\snout-firmware-explorer\fixtures\build\cortex-m-main.o
 .ARM.attributes
                0x0000002d       0x2d C:\Users\chris\repos\snout-firmware-explorer\fixtures\build\cortex-m-diag.o
